// Jest Snapshot v1, https://goo.gl/fbAQLP

exports[`networks Should run 'networks --json' and match snapshot. 1`] = `
Array [
  "{
  \\"kovan\\": {
    \\"url\\": \\"https://kovan.infura.io\\",
    \\"id\\": 42,
    \\"label\\": \\"Kovan\\"
  },
  \\"mainnet\\": {
    \\"url\\": \\"https://mainnet.infura.io\\",
    \\"id\\": 1,
    \\"label\\": \\"Mainnet\\"
  },
  \\"poa\\": {
    \\"url\\": \\"https://core.poa.network\\",
    \\"id\\": 99,
    \\"label\\": \\"POA\\"
  },
  \\"rinkeby\\": {
    \\"url\\": \\"https://rinkeby.infura.io\\",
    \\"id\\": 4,
    \\"label\\": \\"Rinkeby\\"
  },
  \\"ropsten\\": {
    \\"url\\": \\"https://ropsten.infura.io\\",
    \\"id\\": 3,
    \\"label\\": \\"Ropsten\\"
  },
  \\"rsk\\": {
    \\"url\\": \\"https://public-node.rsk.co\\",
    \\"id\\": 30,
    \\"label\\": \\"RSK\\"
  },
  \\"rsk-testnet\\": {
    \\"url\\": \\"https://public-node.testnet.rsk.co\\",
    \\"id\\": 31,
    \\"label\\": \\"RSK testnet\\"
  },
  \\"sokol\\": {
    \\"url\\": \\"https://sokol.poa.network\\",
    \\"id\\": 77,
    \\"label\\": \\"Sokol\\"
  },
  \\"xdai\\": {
    \\"url\\": \\"https://dai.poa.network\\",
    \\"id\\": 100,
    \\"label\\": \\"xDAI\\"
  }
}
",
]
`;

exports[`networks Should run 'networks --table' and match snapshot. 1`] = `
Array [
  "Id     Name        Url                                
",
  "1      Mainnet     https://mainnet.infura.io          
",
  "3      Ropsten     https://ropsten.infura.io          
",
  "4      Rinkeby     https://rinkeby.infura.io          
",
  "30     RSK         https://public-node.rsk.co         
",
  "31     RSK testnet https://public-node.testnet.rsk.co 
",
  "42     Kovan       https://kovan.infura.io            
",
  "77     Sokol       https://sokol.poa.network          
",
  "99     POA         https://core.poa.network           
",
  "100    xDAI        https://dai.poa.network            
",
]
`;

exports[`networks Should run 'networks' and match snapshot. 1`] = `
Array [
  "{
  \\"kovan\\": {
    \\"url\\": \\"https://kovan.infura.io\\",
    \\"id\\": 42,
    \\"label\\": \\"Kovan\\"
  },
  \\"mainnet\\": {
    \\"url\\": \\"https://mainnet.infura.io\\",
    \\"id\\": 1,
    \\"label\\": \\"Mainnet\\"
  },
  \\"poa\\": {
    \\"url\\": \\"https://core.poa.network\\",
    \\"id\\": 99,
    \\"label\\": \\"POA\\"
  },
  \\"rinkeby\\": {
    \\"url\\": \\"https://rinkeby.infura.io\\",
    \\"id\\": 4,
    \\"label\\": \\"Rinkeby\\"
  },
  \\"ropsten\\": {
    \\"url\\": \\"https://ropsten.infura.io\\",
    \\"id\\": 3,
    \\"label\\": \\"Ropsten\\"
  },
  \\"rsk\\": {
    \\"url\\": \\"https://public-node.rsk.co\\",
    \\"id\\": 30,
    \\"label\\": \\"RSK\\"
  },
  \\"rsk-testnet\\": {
    \\"url\\": \\"https://public-node.testnet.rsk.co\\",
    \\"id\\": 31,
    \\"label\\": \\"RSK testnet\\"
  },
  \\"sokol\\": {
    \\"url\\": \\"https://sokol.poa.network\\",
    \\"id\\": 77,
    \\"label\\": \\"Sokol\\"
  },
  \\"xdai\\": {
    \\"url\\": \\"https://dai.poa.network\\",
    \\"id\\": 100,
    \\"label\\": \\"xDAI\\"
  }
}
",
]
`;
