// Jest Snapshot v1, https://goo.gl/fbAQLP

exports[`network:list Should run 'networks --json' and match snapshot. 1`] = `
Array [
  "{
  \\"mainnet\\": {
    \\"url\\": \\"https://mainnet.infura.io/v3/76fb6c10f1584483a45a0a28e91b07ad\\",
    \\"id\\": 1,
    \\"label\\": \\"Mainnet\\"
  },
  \\"ropsten\\": {
    \\"url\\": \\"https://ropsten.infura.io/v3/76fb6c10f1584483a45a0a28e91b07ad\\",
    \\"id\\": 3,
    \\"label\\": \\"Ropsten\\"
  },
  \\"rinkeby\\": {
    \\"url\\": \\"https://rinkeby.infura.io/v3/76fb6c10f1584483a45a0a28e91b07ad\\",
    \\"id\\": 4,
    \\"label\\": \\"Rinkeby\\"
  },
  \\"goerli\\": {
    \\"url\\": \\"https://goerli.infura.io/v3/76fb6c10f1584483a45a0a28e91b07ad\\",
    \\"id\\": 5,
    \\"label\\": \\"Görli\\"
  },
  \\"kovan\\": {
    \\"url\\": \\"https://kovan.infura.io/v3/76fb6c10f1584483a45a0a28e91b07ad\\",
    \\"id\\": 42,
    \\"label\\": \\"Kovan\\"
  }
}
",
]
`;

exports[`network:list Should run 'networks --table' and match snapshot. 1`] = `
Array [
  "Id     Name    Label   Url                                                           
",
  "1      mainnet Mainnet https://mainnet.infura.io/v3/76fb6c10f1584483a45a0a28e91b07ad 
",
  "3      ropsten Ropsten https://ropsten.infura.io/v3/76fb6c10f1584483a45a0a28e91b07ad 
",
  "4      rinkeby Rinkeby https://rinkeby.infura.io/v3/76fb6c10f1584483a45a0a28e91b07ad 
",
  "5      goerli  Görli   https://goerli.infura.io/v3/76fb6c10f1584483a45a0a28e91b07ad  
",
  "42     kovan   Kovan   https://kovan.infura.io/v3/76fb6c10f1584483a45a0a28e91b07ad   
",
]
`;

exports[`network:list Should run 'networks' and match snapshot. 1`] = `
Array [
  "Id     Name    Label   Url                                                           
",
  "1      mainnet Mainnet https://mainnet.infura.io/v3/76fb6c10f1584483a45a0a28e91b07ad 
",
  "3      ropsten Ropsten https://ropsten.infura.io/v3/76fb6c10f1584483a45a0a28e91b07ad 
",
  "4      rinkeby Rinkeby https://rinkeby.infura.io/v3/76fb6c10f1584483a45a0a28e91b07ad 
",
  "5      goerli  Görli   https://goerli.infura.io/v3/76fb6c10f1584483a45a0a28e91b07ad  
",
  "42     kovan   Kovan   https://kovan.infura.io/v3/76fb6c10f1584483a45a0a28e91b07ad   
",
]
`;
