// Jest Snapshot v1, https://goo.gl/fbAQLP

exports[`networl:urls Should run 'network:urls -display=json' and match snapshot. 1`] = `
Array [
  "{
  \\"mainnet\\": \\"https://mainnet.infura.io\\",
  \\"ropsten\\": \\"https://ropsten.infura.io\\",
  \\"rinkeby\\": \\"https://rinkeby.infura.io\\",
  \\"rsk\\": \\"https://public-node.rsk.co\\",
  \\"rsk-testnet\\": \\"https://public-node.testnet.rsk.co\\",
  \\"kovan\\": \\"https://kovan.infura.io\\",
  \\"sokol\\": \\"https://sokol.poa.network\\",
  \\"poa\\": \\"https://core.poa.network\\",
  \\"xdai\\": \\"https://dai.poa.network\\"
}
",
]
`;

exports[`networl:urls Should run 'network:urls -display=table' and match snapshot. 1`] = `
Array [
  "┌───────────────────────────┬───────────────────────────┬───────────────────────────┬────────────────────────────┬────────────────────────────────────┬─────────────────────────┬───────────────────────────┬──────────────────────────┬─────────────────────────┐
│ mainnet                   │ ropsten                   │ rinkeby                   │ rsk                        │ rsk-testnet                        │ kovan                   │ sokol                     │ poa                      │ xdai                    │
├───────────────────────────┼───────────────────────────┼───────────────────────────┼────────────────────────────┼────────────────────────────────────┼─────────────────────────┼───────────────────────────┼──────────────────────────┼─────────────────────────┤
│ https://mainnet.infura.io │ https://ropsten.infura.io │ https://rinkeby.infura.io │ https://public-node.rsk.co │ https://public-node.testnet.rsk.co │ https://kovan.infura.io │ https://sokol.poa.network │ https://core.poa.network │ https://dai.poa.network │
└───────────────────────────┴───────────────────────────┴───────────────────────────┴────────────────────────────┴────────────────────────────────────┴─────────────────────────┴───────────────────────────┴──────────────────────────┴─────────────────────────┘
",
]
`;

exports[`networl:urls Should run 'network:urls' and match snapshot. 1`] = `
Array [
  "{
  \\"mainnet\\": \\"https://mainnet.infura.io\\",
  \\"ropsten\\": \\"https://ropsten.infura.io\\",
  \\"rinkeby\\": \\"https://rinkeby.infura.io\\",
  \\"rsk\\": \\"https://public-node.rsk.co\\",
  \\"rsk-testnet\\": \\"https://public-node.testnet.rsk.co\\",
  \\"kovan\\": \\"https://kovan.infura.io\\",
  \\"sokol\\": \\"https://sokol.poa.network\\",
  \\"poa\\": \\"https://core.poa.network\\",
  \\"xdai\\": \\"https://dai.poa.network\\"
}
",
]
`;
